// Vitest Snapshot v1, https://vitest.dev/guide/snapshot.html

exports[`MyAwesomeApp > should match snapshot 1`] = `
<div
  data-testid="div-app"
>
  <h1
    data-testid="first-name-title"
  >
    Agust√≠n
  </h1>
  <h3>
    Brocani
  </h3>
</div>
`;
